apps/web/app/(app)/administration/audit-logs/page.tsx(1,36): error TS2307: Cannot find module '@/components/administration/locations/location-content-section' or its corresponding type declarations.
apps/web/app/(app)/administration/categories/page.tsx(1,36): error TS2307: Cannot find module '@/components/administration/locations/location-content-section' or its corresponding type declarations.
apps/web/app/(app)/administration/roles-permissions/page.tsx(1,36): error TS2307: Cannot find module '@/components/administration/locations/location-content-section' or its corresponding type declarations.
apps/web/app/(app)/administration/suppliers/page.tsx(1,36): error TS2307: Cannot find module '@/components/administration/locations/location-content-section' or its corresponding type declarations.
apps/web/app/(app)/administration/users/page.tsx(1,36): error TS2307: Cannot find module '@/components/administration/locations/location-content-section' or its corresponding type declarations.
apps/web/app/(app)/users/page.tsx(3,15): error TS2724: '"@repo/trpc/schemas"' has no exported member named 'CreateUserInput'. Did you mean 'CreateRoomInput'?
apps/web/app/(app)/users/page.tsx(3,50): error TS2305: Module '"@repo/trpc/schemas"' has no exported member 'UserManagementUser'.
apps/web/components/administration/master-data/categories/category-cards.tsx(25,15): error TS2305: Module '"@repo/trpc/schemas"' has no exported member 'Category'.
apps/web/components/administration/master-data/categories/conditions/condition-columns.tsx(7,37): error TS2307: Cannot find module '@/components/master-data/types' or its corresponding type declarations.
apps/web/components/administration/master-data/categories/conditions/conditions-table.tsx(17,37): error TS2307: Cannot find module '@/components/master-data/types' or its corresponding type declarations.
apps/web/components/administration/master-data/categories/statuses/status-columns.tsx(7,34): error TS2307: Cannot find module '@/components/master-data/types' or its corresponding type declarations.
apps/web/components/administration/master-data/categories/statuses/statuses-table.tsx(17,34): error TS2307: Cannot find module '@/components/master-data/types' or its corresponding type declarations.
apps/web/components/administration/master-data/locations/custodians/custodian-columns.tsx(7,32): error TS2307: Cannot find module '@/components/master-data/types' or its corresponding type declarations.
apps/web/components/administration/master-data/locations/custodians/custodians-table.tsx(17,32): error TS2307: Cannot find module '@/components/master-data/types' or its corresponding type declarations.
apps/web/components/administration/master-data/locations/departments/department-columns.tsx(12,85): error TS2339: Property 'shortName' does not exist on type '{ name: string; code: string; logo: string | null; color: string | null; id: number; status: "active" | "inactive"; description?: string | null | undefined; supervisorId?: number | null | undefined; custodianId?: number | ... 1 more ... | undefined; createdAt?: Date | undefined; updatedAt?: Date | undefined; }'.
apps/web/components/administration/master-data/locations/departments/department-columns.tsx(13,91): error TS2339: Property 'headUserId' does not exist on type '{ name: string; code: string; logo: string | null; color: string | null; id: number; status: "active" | "inactive"; description?: string | null | undefined; supervisorId?: number | null | undefined; custodianId?: number | ... 1 more ... | undefined; createdAt?: Date | undefined; updatedAt?: Date | undefined; }'.
apps/web/components/administration/master-data/locations/departments/departments-section.tsx(50,7): error TS2353: Object literal may only specify known properties, and 'shortName' does not exist in type '{ name: string; code: string; logo: string | null; color: string | null; id: number; status: "active" | "inactive"; description?: string | null | undefined; supervisorId?: number | null | undefined; custodianId?: number | ... 1 more ... | undefined; createdAt?: Date | undefined; updatedAt?: Date | undefined; }'.
apps/web/components/administration/master-data/locations/departments/departments-section.tsx(76,23): error TS2339: Property 'type' does not exist on type '{ name: string; code: string; logo: string | null; color: string | null; id: number; status: "active" | "inactive"; description?: string | null | undefined; supervisorId?: number | null | undefined; custodianId?: number | ... 1 more ... | undefined; createdAt?: Date | undefined; updatedAt?: Date | undefined; }'.
apps/web/components/administration/master-data/locations/departments/departments-section.tsx(157,47): error TS2339: Property 'shortName' does not exist on type '{ name: string; code: string; logo: string | null; color: string | null; id: number; status: "active" | "inactive"; description?: string | null | undefined; supervisorId?: number | null | undefined; custodianId?: number | ... 1 more ... | undefined; createdAt?: Date | undefined; updatedAt?: Date | undefined; }'.
apps/web/components/administration/master-data/locations/departments/departments-section.tsx(158,42): error TS2339: Property 'headUserId' does not exist on type '{ name: string; code: string; logo: string | null; color: string | null; id: number; status: "active" | "inactive"; description?: string | null | undefined; supervisorId?: number | null | undefined; custodianId?: number | ... 1 more ... | undefined; createdAt?: Date | undefined; updatedAt?: Date | undefined; }'.
apps/web/components/administration/master-data/locations/rooms/room-columns.tsx(7,27): error TS2307: Cannot find module '@/components/master-data/types' or its corresponding type declarations.
apps/web/components/administration/master-data/locations/rooms/rooms-table.tsx(17,27): error TS2307: Cannot find module '@/components/master-data/types' or its corresponding type declarations.
apps/web/components/administration/master-data/mock-data.ts(8,15): error TS2305: Module '"@repo/trpc/schemas"' has no exported member 'Category'.
apps/web/components/administration/master-data/mock-data.ts(19,75): error TS2353: Object literal may only specify known properties, and 'shortName' does not exist in type '{ name: string; code: string; logo: string | null; color: string | null; id: number; status: "active" | "inactive"; description?: string | null | undefined; supervisorId?: number | null | undefined; custodianId?: number | ... 1 more ... | undefined; createdAt?: Date | undefined; updatedAt?: Date | undefined; }'.
apps/web/components/administration/master-data/mock-data.ts(20,48): error TS2353: Object literal may only specify known properties, and 'shortName' does not exist in type '{ name: string; code: string; logo: string | null; color: string | null; id: number; status: "active" | "inactive"; description?: string | null | undefined; supervisorId?: number | null | undefined; custodianId?: number | ... 1 more ... | undefined; createdAt?: Date | undefined; updatedAt?: Date | undefined; }'.
apps/web/components/administration/master-data/mock-data.ts(21,52): error TS2353: Object literal may only specify known properties, and 'shortName' does not exist in type '{ name: string; code: string; logo: string | null; color: string | null; id: number; status: "active" | "inactive"; description?: string | null | undefined; supervisorId?: number | null | undefined; custodianId?: number | ... 1 more ... | undefined; createdAt?: Date | undefined; updatedAt?: Date | undefined; }'.
apps/web/components/administration/master-data/mock-data.ts(22,49): error TS2353: Object literal may only specify known properties, and 'shortName' does not exist in type '{ name: string; code: string; logo: string | null; color: string | null; id: number; status: "active" | "inactive"; description?: string | null | undefined; supervisorId?: number | null | undefined; custodianId?: number | ... 1 more ... | undefined; createdAt?: Date | undefined; updatedAt?: Date | undefined; }'.
apps/web/components/assets/settings/conditions/condition-columns.tsx(7,37): error TS2307: Cannot find module '@/components/master-data/types' or its corresponding type declarations.
apps/web/components/assets/settings/conditions/conditions-table.tsx(17,37): error TS2307: Cannot find module '@/components/master-data/types' or its corresponding type declarations.
apps/web/components/assets/settings/mock-data.ts(3,27): error TS2307: Cannot find module './types' or its corresponding type declarations.
apps/web/components/assets/settings/mock-data.ts(4,32): error TS2307: Cannot find module './types' or its corresponding type declarations.
apps/web/components/assets/settings/mock-data.ts(5,34): error TS2307: Cannot find module './types' or its corresponding type declarations.
apps/web/components/assets/settings/mock-data.ts(6,37): error TS2307: Cannot find module './types' or its corresponding type declarations.
apps/web/components/assets/settings/mock-data.ts(8,15): error TS2305: Module '"@repo/trpc/schemas"' has no exported member 'Category'.
apps/web/components/assets/settings/mock-data.ts(19,75): error TS2353: Object literal may only specify known properties, and 'shortName' does not exist in type '{ name: string; code: string; logo: string | null; color: string | null; id: number; status: "active" | "inactive"; description?: string | null | undefined; supervisorId?: number | null | undefined; custodianId?: number | ... 1 more ... | undefined; createdAt?: Date | undefined; updatedAt?: Date | undefined; }'.
apps/web/components/assets/settings/mock-data.ts(20,48): error TS2353: Object literal may only specify known properties, and 'shortName' does not exist in type '{ name: string; code: string; logo: string | null; color: string | null; id: number; status: "active" | "inactive"; description?: string | null | undefined; supervisorId?: number | null | undefined; custodianId?: number | ... 1 more ... | undefined; createdAt?: Date | undefined; updatedAt?: Date | undefined; }'.
apps/web/components/assets/settings/mock-data.ts(21,52): error TS2353: Object literal may only specify known properties, and 'shortName' does not exist in type '{ name: string; code: string; logo: string | null; color: string | null; id: number; status: "active" | "inactive"; description?: string | null | undefined; supervisorId?: number | null | undefined; custodianId?: number | ... 1 more ... | undefined; createdAt?: Date | undefined; updatedAt?: Date | undefined; }'.
apps/web/components/assets/settings/mock-data.ts(22,49): error TS2353: Object literal may only specify known properties, and 'shortName' does not exist in type '{ name: string; code: string; logo: string | null; color: string | null; id: number; status: "active" | "inactive"; description?: string | null | undefined; supervisorId?: number | null | undefined; custodianId?: number | ... 1 more ... | undefined; createdAt?: Date | undefined; updatedAt?: Date | undefined; }'.
apps/web/components/assets/settings/statuses/status-columns.tsx(7,34): error TS2307: Cannot find module '@/components/master-data/types' or its corresponding type declarations.
apps/web/components/assets/settings/statuses/statuses-table.tsx(17,34): error TS2307: Cannot find module '@/components/master-data/types' or its corresponding type declarations.
apps/web/components/assets/settings/type/type-dialog.tsx(129,19): error TS2322: Type 'number' is not assignable to type 'string'.
apps/web/components/users/user-content-section.tsx(13,15): error TS2724: '"@repo/trpc/schemas"' has no exported member named 'CreateUserInput'. Did you mean 'CreateRoomInput'?
apps/web/components/users/user-content-section.tsx(13,50): error TS2305: Module '"@repo/trpc/schemas"' has no exported member 'UserManagementUser'.
